[light.pinsupreme.com/index.html]
[backblue.gif]
[fade.gif]
[index.html]
[light.pinsupreme.com/favicon.png]
[light.pinsupreme.com/apple-touch-icon.png]
[fast.fonts.net/cssapi/175a63a1-3f26-476a-ab32-4e21cbdb8be2.css]
[light.pinsupreme.com/index-2.html]
[light.pinsupreme.com/img/logo.png]
[light.pinsupreme.com/img/avatar1.jpg]
[light.pinsupreme.com/forms.html]
[light.pinsupreme.com/forms_validation.html]
[light.pinsupreme.com/forms_wizard.html]
[light.pinsupreme.com/forms_uploads.html]
[light.pinsupreme.com/forms_wisiwig.html]
[light.pinsupreme.com/tables.html]
[light.pinsupreme.com/tables_data.html]
[light.pinsupreme.com/tables_editable.html]
[light.pinsupreme.com/charts.html]
[light.pinsupreme.com/invoice.html]
[light.pinsupreme.com/login.html]
[light.pinsupreme.com/register.html]
[light.pinsupreme.com/lock.html]
[light.pinsupreme.com/error_404.html]
[light.pinsupreme.com/error_500.html]
[light.pinsupreme.com/calendar.html]
[light.pinsupreme.com/img/portfolio9.jpg]
[light.pinsupreme.com/img/portfolio2.jpg]
[light.pinsupreme.com/img/portfolio12.jpg]
[light.pinsupreme.com/img/portfolio14.jpg]
[light.pinsupreme.com/img/portfolio8.jpg]
[light.pinsupreme.com/img/portfolio16.jpg]
[light.pinsupreme.com/img/portfolio5.jpg]
[light.pinsupreme.com/img/portfolio1.jpg]
[light.pinsupreme.com/img/portfolio6.jpg]
[light.pinsupreme.com/img/flags-icons/us.png]
[light.pinsupreme.com/img/flags-icons/fr.png]
[light.pinsupreme.com/img/flags-icons/ca.png]
[light.pinsupreme.com/bower_components/jquery/dist/jquery.min.js]
[light.pinsupreme.com/bower_components/moment/moment.js]
[light.pinsupreme.com/bower_components/chart.js/dist/Chart.min.js]
[light.pinsupreme.com/bower_components/select2/dist/js/select2.full.min.js]
[light.pinsupreme.com/bower_components/ckeditor/ckeditor.js]
[light.pinsupreme.com/bower_components/bootstrap-validator/dist/validator.min.js]
[light.pinsupreme.com/bower_components/bootstrap-daterangepicker/daterangepicker.js]
[light.pinsupreme.com/bower_components/dropzone/dist/dropzone.js]
[light.pinsupreme.com/bower_components/editable-table/mindmup-editabletable.js]
[light.pinsupreme.com/bower_components/datatables/media/js/jquery.dataTables.min.js]
[light.pinsupreme.com/bower_components/datatables/media/js/dataTables.bootstrap4.min.js]
[light.pinsupreme.com/bower_components/fullcalendar/dist/fullcalendar.min.js]
[light.pinsupreme.com/js/main.js]
[light.pinsupreme.com/index.html]
[light.pinsupreme.com/bower_components/select2/dist/css/select2.min.css]
[fast.fonts.net/cssapi/175a63a1-3f26-476a-ab32-4e21cbdb8be2.css]
[light.pinsupreme.com/bower_components/bootstrap-daterangepicker/daterangepicker.css]
[light.pinsupreme.com/bower_components/dropzone/dist/dropzone.css]
[light.pinsupreme.com/bower_components/datatables/media/images/sort_both.png]
[light.pinsupreme.com/bower_components/datatables/media/images/sort_asc.png]
[light.pinsupreme.com/bower_components/datatables/media/images/sort_desc.png]
[light.pinsupreme.com/bower_components/datatables/media/images/sort_asc_disabled.png]
[light.pinsupreme.com/bower_components/datatables/media/images/sort_desc_disabled.png]
[light.pinsupreme.com/bower_components/datatables/media/css/jquery.dataTables.min.css]
[light.pinsupreme.com/bower_components/datatables/media/css/dataTables.bootstrap4.min.css]
[light.pinsupreme.com/bower_components/fullcalendar/dist/fullcalendar.min.css]
[light.pinsupreme.com/css/main.css]
[light.pinsupreme.com/index-2.html]
[light.pinsupreme.com/forms.html]
[light.pinsupreme.com/forms_validation.html]
[light.pinsupreme.com/forms_wizard.html]
[light.pinsupreme.com/forms_uploads.html]
[light.pinsupreme.com/forms_wisiwig.html]
[light.pinsupreme.com/img/flags-icons/uk.png]
[light.pinsupreme.com/img/flags-icons/es.png]
[light.pinsupreme.com/tables.html]
[light.pinsupreme.com/tables_data.html]
[light.pinsupreme.com/tables_editable.html]
[light.pinsupreme.com/charts.html]
[light.pinsupreme.com/img/logo2.png]
[light.pinsupreme.com/invoice.html]
[light.pinsupreme.com/img/logo-big.png]
[light.pinsupreme.com/login.html]
[light.pinsupreme.com/register.html]
[light.pinsupreme.com/lock.html]
[light.pinsupreme.com/error_404.html]
[light.pinsupreme.com/error_500.html]
[light.pinsupreme.com/calendar.html]
[fast.fonts.net/t/115e1.css]
