[backblue.gif]
[fade.gif]
[index.html]
[programmerhasan.com/demos/apps/apps/assets/img/favicon.png]
[programmerhasan.com/demos/apps/apps/assets/js/jquery-1.12.4.min.js]
[programmerhasan.com/demos/apps/apps/assets/img/logo.png]
[programmerhasan.com/demos/apps/apps/assets/img/bg/welcome-video-bg.jpg]
[programmerhasan.com/demos/apps/apps/assets/img/hand.png]
[programmerhasan.com/demos/apps/apps/assets/img/about.png]
[programmerhasan.com/demos/apps/apps/assets/img/choose.jpg]
[programmerhasan.com/demos/apps/apps/assets/img/screenshot/1.jpg]
[programmerhasan.com/demos/apps/apps/assets/img/screenshot/2.jpg]
[programmerhasan.com/demos/apps/apps/assets/img/screenshot/3.jpg]
[programmerhasan.com/demos/apps/apps/assets/img/screenshot/4.jpg]
[programmerhasan.com/demos/apps/apps/assets/img/screenshot/5.jpg]
[programmerhasan.com/demos/apps/apps/assets/img/screenshot/6.jpg]
[programmerhasan.com/demos/apps/apps/assets/img/screenshot/7.jpg]
[programmerhasan.com/demos/apps/apps/assets/img/testimonial/1.jpg]
[programmerhasan.com/demos/apps/apps/assets/img/testimonial/2.jpg]
[programmerhasan.com/demos/apps/apps/assets/img/testimonial/3.jpg]
[programmerhasan.com/demos/apps/apps/assets/img/testimonial/4.jpg]
[programmerhasan.com/demos/apps/apps/assets/img/testimonial/5.jpg]
[programmerhasan.com/demos/apps/apps/assets/img/testimonial/6.jpg]
[programmerhasan.com/demos/apps/apps/assets/img/bg/video-bg.jpg]
[programmerhasan.com/demos/apps/apps/assets/img/bg/download-bg.jpg]
[programmerhasan.com/demos/apps/apps/assets/img/faq.jpg]
[programmerhasan.com/demos/apps/apps/assets/js/bootstrap.min.js]
[programmerhasan.com/demos/apps/apps/assets/js/jquery.stellar.min.js]
[programmerhasan.com/demos/apps/apps/assets/js/jquery.mb.YTPlayer.min.js]
[programmerhasan.com/demos/apps/apps/assets/js/owl.carousel.min.js]
[programmerhasan.com/demos/apps/apps/assets/js/jquery.magnific-popup.min.js]
[programmerhasan.com/demos/apps/apps/assets/js/masonry.pkgd.min.js]
[programmerhasan.com/demos/apps/apps/assets/js/validator.min.js]
[programmerhasan.com/demos/apps/apps/assets/js/jquery.ajaxchimp.js]
[programmerhasan.com/demos/apps/apps/assets/js/wow-1.3.0.min.js]
[programmerhasan.com/demos/apps/apps/assets/js/scripts.js]
[programmerhasan.com/demos/apps/apps/index_video.html]
[programmerhasan.com/demos/apps/apps/assets/fonts/glyphicons-halflings-regular.eot]
[programmerhasan.com/demos/apps/apps/assets/fonts/glyphicons-halflings-regular.woff2]
[programmerhasan.com/demos/apps/apps/assets/fonts/glyphicons-halflings-regular.woff]
[programmerhasan.com/demos/apps/apps/assets/fonts/glyphicons-halflings-regulard41d.eot]
[programmerhasan.com/demos/apps/apps/assets/fonts/glyphicons-halflings-regular.ttf]
[programmerhasan.com/demos/apps/apps/assets/css/bootstrap.min.css]
[programmerhasan.com/demos/apps/apps/assets/fonts/fontawesome-webfont3e6e.eot]
[programmerhasan.com/demos/apps/apps/assets/fonts/fontawesome-webfontd41d.eot]
[programmerhasan.com/demos/apps/apps/assets/fonts/fontawesome-webfont3e6e.woff2]
[programmerhasan.com/demos/apps/apps/assets/fonts/fontawesome-webfont3e6e.woff]
[programmerhasan.com/demos/apps/apps/assets/fonts/fontawesome-webfont3e6e.ttf]
[programmerhasan.com/demos/apps/apps/assets/css/font-awesome.min.css]
[programmerhasan.com/demos/apps/apps/assets/css/owl.carousel.css]
[programmerhasan.com/demos/apps/apps/assets/css/magnific-popup.css]
[programmerhasan.com/demos/apps/apps/assets/css/YTPlayer.css]
[programmerhasan.com/demos/apps/apps/assets/css/animate.min.css]
[programmerhasan.com/demos/apps/apps/assets/css/style.css]
[programmerhasan.com/demos/apps/apps/assets/css/responsive.css]
[programmerhasan.com/demos/apps/apps/assets/fonts/glyphicons-halflings-regular.svg]
[programmerhasan.com/demos/apps/apps/assets/fonts/fontawesome-webfont3e6e.svg]
[programmerhasan.com/demos/apps/apps/assets/css/owl.video.play.html]
[programmerhasan.com/demos/apps/apps/assets/css/ytp-regular.html]
[programmerhasan.com/demos/apps/apps/assets/css/ytp-regular-2.html]
[programmerhasan.com/demos/apps/apps/assets/images/raster.html]
[programmerhasan.com/demos/apps/apps/assets/images/raster@2x.html]
[programmerhasan.com/demos/apps/apps/assets/images/raster_dot.html]
[programmerhasan.com/demos/apps/apps/assets/images/raster_dot@2x.html]
